// Jest Snapshot v1, https://goo.gl/fbAQLP

exports[`IndexPage renders correctly 1`] = `
<main
  className="sc-bdnxRM eevvKH"
>
  <title>
    Welcome
     | 
    My Title
     
  </title>
  <p>
    My Title
  </p>
  <nav>
    <ul
      className="nav-links"
    >
      <li
        className="nav-link-item"
      >
        <a
          className="nav-link-text"
          href="/"
        >
          Home
        </a>
      </li>
      <li
        className="nav-link-item"
      >
        <a
          className="nav-link-text"
          href="/about"
        >
          About
        </a>
      </li>
    </ul>
  </nav>
  <h1
    className="heading"
  >
    Welcome
  </h1>
  <p>
    ~ Work in progress ~
  </p>
</main>
`;
