// Jest Snapshot v1, https://goo.gl/fbAQLP

exports[`SEO render children correctly 1`] = `
<DocumentFragment>
  <link
    href="test-file-stub"
    rel="apple-touch-icon"
    sizes="180x180"
  />
  <link
    href="test-file-stub"
    rel="icon"
    sizes="32x32"
    type="image/png"
  />
  <link
    href="test-file-stub"
    rel="icon"
    sizes="16x16"
    type="image/png"
  />
  <link
    color="#000000"
    href="test-file-stub"
    rel="mask-icon"
  />
  <link
    href="test-file-stub"
    rel="shortcut icon"
  />
  <meta
    content="#ffffff"
    name="msapplication-TileColor"
  />
  <meta
    content="../images/browserconfig.xml"
    name="msapplication-config"
  />
  <meta
    content="#ffffff"
    name="theme-color"
  />
  <link
    charset="UTF-8"
    href="https://cdnjs.cloudflare.com/ajax/libs/slick-carousel/1.6.0/slick.min.css"
    rel="stylesheet"
    type="text/css"
  />
  <link
    href="https://cdnjs.cloudflare.com/ajax/libs/slick-carousel/1.6.0/slick-theme.min.css"
    rel="stylesheet"
    type="text/css"
  />
  <title
    id="title"
  >
    www.brushella.art - Welcome
  </title>
  <meta
    content="Brushella store offers original paintings, art decor, crafts, clothing and more"
    id="description"
    name="description"
  />
  <div>
    Text for SEO
  </div>
</DocumentFragment>
`;
